docker-compose : time="2026-06-07T12:20:02+06:00" level=warning msg="D:\\Git\\SPL-3\\docker-compose.yml: the 
attribute `version` is obsolete, it will be ignored, please remove it to avoid potential confusion"
At line:1 char:43
+ ... Git\SPL-3 ; docker-compose exec api python -m pytest tests/ -v --tb=l ...
+                 ~~~~~~~~~~~~~~~~~~~~~~~~~~~~~~~~~~~~~~~~~~~~~~~~~~~~~~~~~
    + CategoryInfo          : NotSpecified: (time="2026-06-0...tial confusion":String) [], RemoteException
    + FullyQualifiedErrorId : NativeCommandError
 
[1m============================= test session starts ==============================[0m
platform linux -- Python 3.11.15, pytest-7.4.3, pluggy-1.6.0 -- /app/.venv/bin/python
cachedir: .pytest_cache
rootdir: /app
configfile: pytest.ini
plugins: cov-4.1.0, anyio-4.13.0, asyncio-0.23.2
asyncio: mode=Mode.AUTO
[1mcollecting ... [0mcollected 50 items

tests/test_api_endpoints.py::TestAuthenticationAPI::test_register_endpoint_success [31mFAILED[0m[31m [  2%][0m
tests/test_api_endpoints.py::TestAuthenticationAPI::test_register_endpoint_duplicate_email [31mFAILED[0m[31m [  4%][0m
tests/test_api_endpoints.py::TestAuthenticationAPI::test_login_endpoint_success [32mPASSED[0m[31m [  6%][0m
tests/test_api_endpoints.py::TestAuthenticationAPI::test_login_endpoint_invalid_credentials [32mPASSED[0m[31m [  8%][0m
tests/test_api_endpoints.py::TestAuthenticationAPI::test_refresh_token_endpoint [32mPASSED[0m[31m [ 10%][0m
tests/test_api_endpoints.py::TestAuthenticationAPI::test_reset_password_endpoint [31mFAILED[0m[31m [ 12%][0m
tests/test_api_endpoints.py::TestTournamentAPI::test_list_tournaments [32mPASSED[0m[31m [ 14%][0m
tests/test_api_endpoints.py::TestTournamentAPI::test_create_tournament [31mFAILED[0m[31m [ 16%][0m
tests/test_api_endpoints.py::TestTournamentAPI::test_get_tournament [32mPASSED[0m[31m [ 18%][0m
tests/test_api_endpoints.py::TestSessionAPI::test_list_sessions [32mPASSED[0m[31m   [ 20%][0m
tests/test_api_endpoints.py::TestSessionAPI::test_create_session [31mFAILED[0m[31m  [ 22%][0m
tests/test_api_endpoints.py::TestSessionAPI::test_get_session [32mPASSED[0m[31m     [ 24%][0m
tests/test_api_endpoints.py::TestSessionAPI::test_update_session_status [31mFAILED[0m[31m [ 26%][0m
tests/test_api_endpoints.py::TestSessionAPI::test_add_archer_to_session [31mFAILED[0m[31m [ 28%][0m
tests/test_api_endpoints.py::TestScoreAPI::test_record_score [31mFAILED[0m[31m      [ 30%][0m
tests/test_api_endpoints.py::TestScoreAPI::test_list_session_scores [32mPASSED[0m[31m [ 32%][0m
tests/test_api_endpoints.py::TestScoreAPI::test_get_score [31mFAILED[0m[31m         [ 34%][0m
tests/test_api_endpoints.py::TestScoreAPI::test_validate_score [31mFAILED[0m[31m    [ 36%][0m
tests/test_api_endpoints.py::TestCameraAPI::test_list_session_cameras [32mPASSED[0m[31m [ 38%][0m
tests/test_api_endpoints.py::TestCameraAPI::test_connect_camera [31mFAILED[0m[31m   [ 40%][0m
tests/test_api_endpoints.py::TestCameraAPI::test_disconnect_camera [31mFAILED[0m[31m [ 42%][0m
tests/test_api_endpoints.py::TestCameraAPI::test_assign_camera_to_lane [31mFAILED[0m[31m [ 44%][0m
tests/test_api_endpoints.py::TestLeaderboardAPI::test_get_leaderboard [32mPASSED[0m[31m [ 46%][0m
tests/test_api_endpoints.py::TestLeaderboardAPI::test_get_leaderboard_skip_cache [32mPASSED[0m[31m [ 48%][0m
tests/test_api_endpoints.py::TestHealthAPI::test_health_check [32mPASSED[0m[31m     [ 50%][0m
tests/test_api_endpoints.py::TestHealthAPI::test_detailed_health_check [32mPASSED[0m[31m [ 52%][0m
tests/test_api_endpoints.py::TestRootAPI::test_root_endpoint [32mPASSED[0m[31m      [ 54%][0m
tests/test_services.py::TestAuthService::test_register_user_success [32mPASSED[0m[31m [ 56%][0m
tests/test_services.py::TestAuthService::test_register_user_duplicate_username [32mPASSED[0m[31m [ 58%][0m
tests/test_services.py::TestAuthService::test_register_user_duplicate_email [32mPASSED[0m[31m [ 60%][0m
tests/test_services.py::TestAuthService::test_register_user_weak_password [32mPASSED[0m[31m [ 62%][0m
tests/test_services.py::TestAuthService::test_login_user_success [32mPASSED[0m[31m  [ 64%][0m
tests/test_services.py::TestAuthService::test_login_user_invalid_credentials [32mPASSED[0m[31m [ 66%][0m
tests/test_services.py::TestAuthService::test_login_user_nonexistent [32mPASSED[0m[31m [ 68%][0m
tests/test_services.py::TestAuthService::test_refresh_access_token_success [32mPASSED[0m[31m [ 70%][0m
tests/test_services.py::TestAuthService::test_reset_password_success [32mPASSED[0m[31m [ 72%][0m
tests/test_services.py::TestAuthService::test_reset_password_wrong_old_password [32mPASSED[0m[31m [ 74%][0m
tests/test_services.py::TestScoringService::test_validate_score_valid [31mFAILED[0m[31m [ 76%][0m
tests/test_services.py::TestScoringService::test_validate_score_invalid_zone [32mPASSED[0m[31m [ 78%][0m
tests/test_services.py::TestScoringService::test_validate_score_invalid_points [32mPASSED[0m[31m [ 80%][0m
tests/test_services.py::TestScoringService::test_record_score_with_retry_success [32mPASSED[0m[31m [ 82%][0m
tests/test_services.py::TestScoringService::test_calculate_total_score [32mPASSED[0m[31m [ 84%][0m
tests/test_services.py::TestScoringService::test_get_session_leaderboard [32mPASSED[0m[31m [ 86%][0m
tests/test_services.py::TestCameraService::test_connect_camera [32mPASSED[0m[31m    [ 88%][0m
tests/test_services.py::TestCameraService::test_disconnect_camera [32mPASSED[0m[31m [ 90%][0m
tests/test_services.py::TestCameraService::test_get_camera_by_id [32mPASSED[0m[31m  [ 92%][0m
tests/test_services.py::TestHealthService::test_get_system_health [32mPASSED[0m[31m [ 94%][0m
tests/test_services.py::TestHealthService::test_check_database_health [31mFAILED[0m[31m [ 96%][0m
tests/test_services.py::TestHealthService::test_check_cache_health [31mFAILED[0m[31m [ 98%][0m
tests/test_services.py::TestHealthService::test_check_storage_health [31mFAILED[0m[31m [100%][0m

=================================== FAILURES ===================================
/app/tests/test_api_endpoints.py:30: assert 422 == 201
/app/tests/test_api_endpoints.py:46: assert 422 == 409
/app/.venv/lib/python3.11/site-packages/starlette/middleware/base.py:166: RuntimeError: No response returned.
/app/.venv/lib/python3.11/site-packages/starlette/middleware/base.py:166: RuntimeError: No response returned.
/app/.venv/lib/python3.11/site-packages/starlette/middleware/base.py:166: RuntimeError: No response returned.
/app/.venv/lib/python3.11/site-packages/starlette/middleware/base.py:166: RuntimeError: No response returned.
/app/.venv/lib/python3.11/site-packages/starlette/middleware/base.py:166: RuntimeError: No response returned.
/app/.venv/lib/python3.11/site-packages/sqlalchemy/orm/loading.py:1582: sqlalchemy.orm.exc.DetachedInstanceError: Instance <Session at 0x7f855db0c650> is not bound to a Session; attribute refresh operation cannot proceed (Background on this error at: https://sqlalche.me/e/20/bhk3)
/app/tests/test_api_endpoints.py:260: assert 404 == 200
/app/tests/test_api_endpoints.py:274: assert 404 == 200
/app/.venv/lib/python3.11/site-packages/sqlalchemy/orm/loading.py:1582: sqlalchemy.orm.exc.DetachedInstanceError: Instance <Session at 0x7f855d847050> is not bound to a Session; attribute refresh operation cannot proceed (Background on this error at: https://sqlalche.me/e/20/bhk3)
/app/.venv/lib/python3.11/site-packages/sqlalchemy/orm/loading.py:1582: sqlalchemy.orm.exc.DetachedInstanceError: Instance <Session at 0x7f855d88d350> is not bound to a Session; attribute refresh operation cannot proceed (Background on this error at: https://sqlalche.me/e/20/bhk3)
/app/.venv/lib/python3.11/site-packages/sqlalchemy/orm/loading.py:1582: sqlalchemy.orm.exc.DetachedInstanceError: Instance <Session at 0x7f855d935050> is not bound to a Session; attribute refresh operation cannot proceed (Background on this error at: https://sqlalche.me/e/20/bhk3)
/app/tests/test_services.py:145: AssertionError: assert None == ''
/app/tests/test_services.py:264: TypeError: object dict can't be used in 'await' expression
/app/tests/test_services.py:272: TypeError: object dict can't be used in 'await' expression
/app/tests/test_services.py:280: TypeError: object dict can't be used in 'await' expression
[36m[1m=========================== short test summary info ============================[0m
[31mFAILED[0m tests/test_api_endpoints.py::[1mTestAuthenticationAPI::test_register_endpoint_success[0m - assert 422 == 201
[31mFAILED[0m tests/test_api_endpoints.py::[1mTestAuthenticationAPI::test_register_endpoint_duplicate_email[0m - assert 422 == 409
[31mFAILED[0m tests/test_api_endpoints.py::[1mTestAuthenticationAPI::test_reset_password_endpoint[0m - RuntimeError: No response returned.
[31mFAILED[0m tests/test_api_endpoints.py::[1mTestTournamentAPI::test_create_tournament[0m - RuntimeError: No response returned.
[31mFAILED[0m tests/test_api_endpoints.py::[1mTestSessionAPI::test_create_session[0m - RuntimeError: No response returned.
[31mFAILED[0m tests/test_api_endpoints.py::[1mTestSessionAPI::test_update_session_status[0m - RuntimeError: No response returned.
[31mFAILED[0m tests/test_api_endpoints.py::[1mTestSessionAPI::test_add_archer_to_session[0m - RuntimeError: No response returned.
[31mFAILED[0m tests/test_api_endpoints.py::[1mTestScoreAPI::test_record_score[0m - sqlalchemy.orm.exc.DetachedInstanceError: Instance <Session at 0x7f855db0c6...
[31mFAILED[0m tests/test_api_endpoints.py::[1mTestScoreAPI::test_get_score[0m - assert 404 == 200
[31mFAILED[0m tests/test_api_endpoints.py::[1mTestScoreAPI::test_validate_score[0m - assert 404 == 200
[31mFAILED[0m tests/test_api_endpoints.py::[1mTestCameraAPI::test_connect_camera[0m - sqlalchemy.orm.exc.DetachedInstanceError: Instance <Session at 0x7f855d8470...
[31mFAILED[0m tests/test_api_endpoints.py::[1mTestCameraAPI::test_disconnect_camera[0m - sqlalchemy.orm.exc.DetachedInstanceError: Instance <Session at 0x7f855d88d3...
[31mFAILED[0m tests/test_api_endpoints.py::[1mTestCameraAPI::test_assign_camera_to_lane[0m - sqlalchemy.orm.exc.DetachedInstanceError: Instance <Session at 0x7f855d9350...
[31mFAILED[0m tests/test_services.py::[1mTestScoringService::test_validate_score_valid[0m - AssertionError: assert None == ''
[31mFAILED[0m tests/test_services.py::[1mTestHealthService::test_check_database_health[0m - TypeError: object dict can't be used in 'await' expression
[31mFAILED[0m tests/test_services.py::[1mTestHealthService::test_check_cache_health[0m - TypeError: object dict can't be used in 'await' expression
[31mFAILED[0m tests/test_services.py::[1mTestHealthService::test_check_storage_health[0m - TypeError: object dict can't be used in 'await' expression
[31m================= [31m[1m17 failed[0m, [32m33 passed[0m, [33m10 warnings[0m[31m in 21.91s[0m[31m ==================[0m
